[INFO  ] [01:20:47.128897] <   > fastchess --- fastchess alpha 1.8.1 compiled for windows-latest 20260405-1525c4b (CI) 
[INFO  ] [01:20:47.129021] <   > fastchess --- Setting seed to: 20260806
[INFO  ] [01:20:47.201673] <   > fastchess --- Indexing opening suite...

[INFO  ] [01:20:47.215654] <   > fastchess --- Starting tournament...
[WARN  ] [01:28:27.882359] <  8> fastchess --- Engine m2-nnue loses on time
[WARN  ] [01:28:28.787394] < 10> fastchess --- Engine m2-nnue loses on time
[WARN  ] [01:33:36.428950] <  7> fastchess --- Engine mission-start loses on time
[WARN  ] [01:34:36.127651] <   > fastchess --- Warning; No bestmove found in the last line from m2-nnue because: Element 'bestmove' not found

[WARN  ] [01:34:36.127906] <  8> fastchess --- Engine m2-nnue loses on time
[WARN  ] [01:34:43.036062] < 10> fastchess --- Engine mission-start loses on time
[INFO  ] [01:37:36.190029] <   > fastchess --- 

[INFO  ] [01:37:36.190084] <   > fastchess --- Player: mission-start

[INFO  ] [01:37:36.190097] <   > fastchess ---   Timeouts: 2

[INFO  ] [01:37:36.190107] <   > fastchess ---   Crashed: 0

[INFO  ] [01:37:36.190118] <   > fastchess --- Player: m2-nnue

[INFO  ] [01:37:36.190127] <   > fastchess ---   Timeouts: 3

[INFO  ] [01:37:36.190135] <   > fastchess ---   Crashed: 0

[INFO  ] [01:37:36.190199] <   > fastchess --- 

[INFO  ] [01:37:37.946903] <   > fastchess --- Finished match

[INFO  ] [01:37:37.946949] <   > fastchess --- Total Time: 00:16:50 (hours:minutes:seconds)


