tuning 8 parameter(s) over 345 of 345 iteration(s) of 16 game(s) at tc=5+0.05 into experiments\MSN-M5-F5-spsa\session
resuming at iteration 3 of 345 (32 games played)
iteration 3/345 +7 =6 -3 score +4 theta [2881, 989, 1028, 439, 105, 21, 124, 110]
iteration 4/345 +4 =6 -6 score -2 theta [2878, 991, 1029, 438, 105, 21, 124, 109]
iteration 5/345 +4 =7 -5 score -1 theta [2877, 992, 1030, 437, 105, 21, 125, 109]
iteration 6/345 +2 =8 -6 score -4 theta [2872, 996, 1027, 439, 105, 21, 125, 110]
iteration 7/345 +5 =7 -4 score +1 theta [2873, 997, 1028, 439, 105, 21, 125, 110]
iteration 8/345 +4 =8 -4 score +0 theta [2873, 997, 1028, 439, 105, 21, 125, 110]
iteration 9/345 +3 =7 -6 score -3 theta [2877, 994, 1030, 438, 104, 21, 125, 110]
iteration 10/345 +6 =9 -1 score +5 theta [2870, 999, 1026, 440, 104, 21, 126, 110]
iteration 11/345 +1 =12 -3 score -2 theta [2868, 1001, 1025, 441, 104, 21, 126, 110]
iteration 12/345 +7 =7 -2 score +5 theta [2874, 1007, 1028, 439, 104, 21, 127, 110]
iteration 13/345 +4 =10 -2 score +2 theta [2872, 1009, 1030, 438, 104, 21, 127, 110]
iteration 14/345 +3 =8 -5 score -2 theta [2869, 1011, 1028, 438, 104, 21, 127, 109]
iteration 15/345 +4 =8 -4 score +0 theta [2869, 1011, 1028, 438, 104, 21, 127, 109]
iteration 16/345 +2 =9 -5 score -3 theta [2865, 1008, 1026, 439, 104, 21, 127, 109]
iteration 17/345 +5 =7 -4 score +1 theta [2864, 1007, 1025, 439, 104, 21, 127, 109]
iteration 18/345 +3 =6 -7 score -4 theta [2859, 1003, 1028, 438, 103, 21, 126, 109]
iteration 19/345 +3 =8 -5 score -2 theta [2857, 1001, 1030, 437, 103, 21, 126, 110]
iteration 20/345 +4 =7 -5 score -1 theta [2856, 1000, 1029, 436, 103, 21, 126, 109]
iteration 21/345 +4 =10 -2 score +2 theta [2853, 998, 1028, 437, 103, 21, 127, 109]
iteration 22/345 +6 =7 -3 score +3 theta [2850, 995, 1030, 436, 103, 21, 126, 109]
iteration 23/345 +8 =3 -5 score +3 theta [2846, 998, 1028, 437, 103, 21, 127, 109]
iteration 24/345 +5 =9 -2 score +3 theta [2850, 995, 1030, 436, 103, 21, 126, 109]
iteration 25/345 +3 =7 -6 score -3 theta [2853, 992, 1032, 437, 103, 21, 126, 109]
iteration 26/345 +3 =8 -5 score -2 theta [2851, 994, 1034, 436, 103, 21, 126, 109]
iteration 27/345 +7 =7 -2 score +5 theta [2845, 989, 1030, 438, 103, 21, 126, 109]
iteration 28/345 +2 =9 -5 score -3 theta [2849, 986, 1028, 439, 102, 21, 126, 109]
iteration 29/345 +9 =4 -3 score +6 theta [2855, 992, 1032, 437, 102, 21, 126, 108]
iteration 30/345 +3 =7 -6 score -3 theta [2852, 989, 1034, 436, 102, 21, 126, 108]
iteration 31/345 +1 =7 -8 score -7 theta [2844, 996, 1029, 438, 101, 21, 125, 107]
iteration 32/345 +3 =10 -3 score +0 theta [2844, 996, 1029, 438, 101, 21, 125, 107]
iteration 33/345 +3 =8 -5 score -2 theta [2842, 994, 1028, 438, 101, 21, 125, 107]
iteration 34/345 +3 =9 -4 score -1 theta [2843, 995, 1029, 438, 102, 21, 125, 107]
iteration 35/345 +4 =8 -4 score +0 theta [2843, 995, 1029, 438, 102, 21, 125, 107]
iteration 36/345 +2 =12 -2 score +0 theta [2843, 995, 1029, 438, 102, 21, 125, 107]
iteration 37/345 +2 =11 -3 score -1 theta [2844, 996, 1028, 437, 101, 22, 125, 107]
iteration 38/345 +3 =7 -6 score -3 theta [2841, 993, 1030, 436, 101, 21, 125, 107]
iteration 39/345 +7 =6 -3 score +4 theta [2845, 989, 1027, 437, 102, 21, 125, 107]
iteration 40/345 +2 =7 -7 score -5 theta [2840, 985, 1024, 439, 102, 21, 125, 108]
iteration 41/345 +2 =7 -7 score -5 theta [2834, 989, 1021, 438, 102, 22, 125, 107]
iteration 42/345 +7 =3 -6 score +1 theta [2833, 988, 1021, 438, 102, 22, 125, 107]
iteration 43/345 +5 =7 -4 score +1 theta [2834, 988, 1021, 438, 102, 22, 125, 107]
iteration 44/345 +4 =6 -6 score -2 theta [2837, 986, 1022, 437, 102, 22, 125, 107]
iteration 45/345 +5 =6 -5 score +0 theta [2837, 986, 1022, 437, 102, 22, 125, 107]
iteration 46/345 +4 =9 -3 score +1 theta [2838, 985, 1023, 437, 102, 22, 125, 107]
iteration 47/345 +2 =11 -3 score -1 theta [2839, 986, 1023, 437, 102, 22, 125, 107]
iteration 48/345 +3 =9 -4 score -1 theta [2840, 987, 1024, 437, 102, 22, 125, 107]
iteration 49/345 +6 =6 -4 score +2 theta [2842, 985, 1025, 436, 102, 21, 125, 107]
iteration 50/345 +4 =8 -4 score +0 theta [2842, 985, 1025, 436, 102, 21, 125, 107]
iteration 51/345 +5 =5 -6 score -1 theta [2843, 986, 1026, 436, 102, 21, 125, 107]
iteration 52/345 +6 =3 -7 score -1 theta [2844, 985, 1026, 435, 101, 21, 125, 107]
iteration 53/345 +9 =4 -3 score +6 theta [2838, 990, 1030, 437, 101, 22, 126, 106]
iteration 54/345 +4 =6 -6 score -2 theta [2840, 992, 1029, 437, 101, 22, 126, 106]
iteration 55/345 +4 =4 -8 score -4 theta [2836, 988, 1031, 438, 101, 22, 126, 106]
iteration 56/345 +2 =11 -3 score -1 theta [2835, 988, 1032, 437, 101, 22, 126, 106]
iteration 57/345 +5 =9 -2 score +3 theta [2832, 985, 1034, 438, 101, 22, 126, 106]
iteration 58/345 +5 =6 -5 score +0 theta [2832, 985, 1034, 438, 101, 22, 126, 106]
iteration 59/345 +5 =5 -6 score -1 theta [2833, 984, 1033, 438, 101, 22, 126, 106]
iteration 60/345 +6 =7 -3 score +3 theta [2830, 987, 1031, 439, 101, 22, 126, 106]
iteration 61/345 +3 =10 -3 score +0 theta [2830, 987, 1031, 439, 101, 22, 126, 106]
iteration 62/345 +4 =9 -3 score +1 theta [2829, 988, 1032, 439, 101, 22, 125, 105]
iteration 63/345 +6 =4 -6 score +0 theta [2829, 988, 1032, 439, 101, 22, 125, 105]
iteration 64/345 +6 =9 -1 score +5 theta [2834, 991, 1035, 441, 101, 22, 125, 106]
iteration 65/345 +4 =8 -4 score +0 theta [2834, 991, 1035, 441, 101, 22, 125, 106]
iteration 66/345 +4 =8 -4 score +0 theta [2834, 991, 1035, 441, 101, 22, 125, 106]
iteration 67/345 +4 =10 -2 score +2 theta [2835, 993, 1036, 441, 101, 22, 125, 106]
iteration 68/345 +3 =10 -3 score +0 theta [2835, 993, 1036, 441, 101, 22, 125, 106]
iteration 69/345 +6 =7 -3 score +3 theta [2833, 995, 1034, 442, 101, 22, 125, 106]
iteration 70/345 +2 =10 -4 score -2 theta [2831, 994, 1035, 442, 101, 22, 125, 106]
iteration 71/345 +3 =10 -3 score +0 theta [2831, 994, 1035, 442, 101, 22, 125, 106]
iteration 72/345 +5 =9 -2 score +3 theta [2834, 996, 1034, 442, 101, 22, 125, 106]
iteration 73/345 +5 =8 -3 score +2 theta [2835, 997, 1033, 442, 101, 22, 126, 106]
iteration 74/345 +4 =8 -4 score +0 theta [2835, 997, 1033, 442, 101, 22, 126, 106]
iteration 75/345 +2 =11 -3 score -1 theta [2836, 997, 1033, 442, 101, 22, 126, 105]
iteration 76/345 +4 =9 -3 score +1 theta [2837, 996, 1033, 442, 101, 22, 126, 106]
iteration 77/345 +5 =8 -3 score +2 theta [2839, 997, 1031, 443, 101, 22, 125, 106]
iteration 78/345 +6 =5 -5 score +1 theta [2838, 998, 1031, 442, 101, 22, 125, 106]
iteration 79/345 +3 =9 -4 score -1 theta [2837, 999, 1031, 443, 101, 22, 126, 106]
iteration 80/345 +5 =7 -4 score +1 theta [2838, 998, 1031, 442, 101, 22, 125, 106]
iteration 81/345 +6 =3 -7 score -1 theta [2837, 999, 1031, 442, 101, 22, 125, 106]
iteration 82/345 +4 =8 -4 score +0 theta [2837, 999, 1031, 442, 101, 22, 125, 106]
iteration 83/345 +6 =5 -5 score +1 theta [2838, 1000, 1032, 442, 101, 22, 125, 106]
iteration 84/345 +4 =6 -6 score -2 theta [2840, 1001, 1033, 443, 101, 22, 125, 106]
iteration 85/345 +3 =8 -5 score -2 theta [2842, 1002, 1032, 442, 101, 22, 125, 105]
iteration 86/345 +2 =7 -7 score -5 theta [2837, 999, 1035, 441, 100, 22, 125, 105]
iteration 87/345 +4 =9 -3 score +1 theta [2836, 1000, 1035, 441, 100, 22, 125, 105]
iteration 88/345 +3 =11 -2 score +1 theta [2837, 999, 1036, 441, 100, 22, 125, 105]
iteration 89/345 +5 =8 -3 score +2 theta [2839, 1000, 1037, 441, 100, 22, 125, 105]
iteration 90/345 +4 =7 -5 score -1 theta [2838, 1001, 1036, 441, 100, 22, 125, 105]
iteration 91/345 +3 =8 -5 score -2 theta [2836, 1000, 1035, 442, 100, 22, 125, 105]
iteration 92/345 +8 =5 -3 score +5 theta [2841, 1003, 1038, 443, 100, 22, 125, 105]
iteration 93/345 +5 =8 -3 score +2 theta [2842, 1005, 1037, 444, 100, 22, 125, 105]
iteration 94/345 +4 =6 -6 score -2 theta [2844, 1006, 1038, 443, 100, 22, 125, 105]
iteration 95/345 +4 =10 -2 score +2 theta [2842, 1007, 1037, 444, 100, 22, 125, 105]
iteration 96/345 +4 =7 -5 score -1 theta [2842, 1007, 1037, 444, 100, 22, 125, 105]
iteration 97/345 +5 =8 -3 score +2 theta [2840, 1005, 1036, 443, 100, 22, 125, 105]
iteration 98/345 +3 =11 -2 score +1 theta [2839, 1005, 1037, 443, 100, 22, 125, 105]
iteration 99/345 +5 =6 -5 score +0 theta [2839, 1005, 1037, 443, 100, 22, 125, 105]
iteration 100/345 +2 =9 -5 score -3 theta [2837, 1003, 1038, 444, 100, 22, 125, 104]
iteration 101/345 +4 =7 -5 score -1 theta [2837, 1003, 1038, 444, 100, 22, 125, 104]
iteration 102/345 +5 =7 -4 score +1 theta [2837, 1004, 1037, 443, 100, 22, 125, 104]
iteration 103/345 +5 =9 -2 score +3 theta [2834, 1006, 1036, 444, 99, 22, 125, 104]
iteration 104/345 +5 =8 -3 score +2 theta [2832, 1005, 1035, 444, 99, 22, 125, 104]
iteration 105/345 +4 =6 -6 score -2 theta [2831, 1006, 1036, 444, 99, 22, 125, 104]
iteration 106/345 +4 =7 -5 score -1 theta [2830, 1005, 1036, 444, 99, 22, 125, 105]
iteration 107/345 +4 =8 -4 score +0 theta [2830, 1005, 1036, 444, 99, 22, 125, 105]
iteration 108/345 +3 =7 -6 score -3 theta [2828, 1007, 1035, 443, 99, 22, 125, 104]
iteration 109/345 +1 =8 -7 score -6 theta [2823, 1003, 1032, 445, 99, 22, 125, 105]
iteration 110/345 +5 =9 -2 score +3 theta [2820, 1005, 1030, 444, 99, 22, 125, 105]
iteration 111/345 +2 =11 -3 score -1 theta [2820, 1006, 1030, 444, 99, 22, 125, 105]
iteration 112/345 +6 =8 -2 score +4 theta [2817, 1003, 1032, 445, 99, 22, 125, 105]
iteration 113/345 +4 =7 -5 score -1 theta [2816, 1003, 1032, 445, 99, 22, 125, 105]
iteration 114/345 +4 =7 -5 score -1 theta [2815, 1002, 1032, 445, 99, 22, 125, 105]
iteration 115/345 +4 =8 -4 score +0 theta [2815, 1002, 1032, 445, 99, 22, 125, 105]
iteration 116/345 +5 =7 -4 score +1 theta [2814, 1001, 1031, 445, 99, 22, 125, 105]
iteration 117/345 +5 =10 -1 score +4 theta [2811, 999, 1033, 446, 98, 22, 125, 105]
