tuning 8 parameter(s) over 345 of 345 iteration(s) of 16 game(s) at tc=5+0.05 into experiments\MSN-M5-F5-spsa\session
resuming at iteration 118 of 345 (1872 games played)
iteration 118/345 +8 =5 -3 score +5 theta [2807, 996, 1036, 447, 98, 22, 125, 105]
iteration 119/345 +4 =7 -5 score -1 theta [2808, 996, 1036, 447, 98, 22, 125, 105]
iteration 120/345 +5 =9 -2 score +3 theta [2810, 994, 1038, 448, 98, 22, 125, 105]
iteration 121/345 +7 =2 -7 score +0 theta [2810, 994, 1038, 448, 98, 22, 125, 105]
iteration 122/345 +2 =10 -4 score -2 theta [2812, 993, 1039, 448, 98, 22, 125, 105]
iteration 123/345 +3 =8 -5 score -2 theta [2810, 994, 1039, 448, 98, 22, 125, 105]
iteration 124/345 +3 =8 -5 score -2 theta [2812, 996, 1040, 448, 98, 22, 125, 105]
iteration 125/345 +4 =9 -3 score +1 theta [2813, 995, 1040, 448, 98, 22, 125, 105]
iteration 126/345 +3 =8 -5 score -2 theta [2811, 996, 1041, 447, 98, 22, 125, 105]
iteration 127/345 +1 =10 -5 score -4 theta [2808, 994, 1039, 448, 99, 21, 125, 106]
iteration 128/345 +8 =4 -4 score +4 theta [2811, 996, 1041, 449, 98, 21, 125, 106]
iteration 129/345 +3 =8 -5 score -2 theta [2810, 997, 1042, 449, 98, 21, 125, 106]
iteration 130/345 +4 =8 -4 score +0 theta [2810, 997, 1042, 449, 98, 21, 125, 106]
iteration 131/345 +4 =10 -2 score +2 theta [2808, 999, 1043, 448, 98, 21, 125, 106]
iteration 132/345 +5 =8 -3 score +2 theta [2810, 1000, 1042, 448, 98, 21, 125, 106]
iteration 133/345 +2 =8 -6 score -4 theta [2807, 997, 1044, 447, 98, 21, 125, 106]
iteration 134/345 +5 =7 -4 score +1 theta [2807, 997, 1043, 447, 98, 21, 125, 106]
iteration 135/345 +6 =7 -3 score +3 theta [2805, 999, 1045, 447, 98, 21, 124, 105]
iteration 136/345 +3 =11 -2 score +1 theta [2804, 999, 1045, 447, 98, 22, 124, 105]
iteration 137/345 +2 =7 -7 score -5 theta [2801, 1002, 1047, 448, 98, 22, 124, 105]
iteration 138/345 +2 =8 -6 score -4 theta [2798, 1005, 1045, 449, 98, 22, 124, 105]
iteration 139/345 +3 =9 -4 score -1 theta [2797, 1005, 1046, 449, 98, 22, 124, 105]
iteration 140/345 +4 =4 -8 score -4 theta [2800, 1008, 1048, 449, 98, 21, 125, 105]
iteration 141/345 +6 =6 -4 score +2 theta [2801, 1006, 1047, 449, 98, 21, 124, 105]
iteration 142/345 +4 =9 -3 score +1 theta [2802, 1006, 1046, 449, 98, 21, 124, 105]
iteration 143/345 +3 =9 -4 score -1 theta [2803, 1005, 1046, 449, 98, 22, 125, 105]
iteration 144/345 +3 =12 -1 score +2 theta [2804, 1006, 1047, 449, 98, 21, 124, 105]
iteration 145/345 +3 =8 -5 score -2 theta [2803, 1008, 1046, 449, 98, 21, 124, 105]
iteration 146/345 +4 =9 -3 score +1 theta [2802, 1008, 1045, 449, 98, 21, 124, 105]
iteration 147/345 +5 =5 -6 score -1 theta [2801, 1008, 1046, 449, 98, 21, 124, 105]
iteration 148/345 +3 =8 -5 score -2 theta [2800, 1009, 1045, 449, 98, 21, 124, 105]
iteration 149/345 +6 =5 -5 score +1 theta [2801, 1008, 1045, 449, 98, 21, 124, 105]
iteration 150/345 +3 =6 -7 score -4 theta [2798, 1011, 1047, 450, 98, 21, 125, 105]
iteration 151/345 +5 =7 -4 score +1 theta [2799, 1011, 1047, 450, 98, 21, 125, 105]
iteration 152/345 +8 =5 -3 score +5 theta [2795, 1008, 1045, 449, 98, 21, 124, 105]
iteration 153/345 +5 =7 -4 score +1 theta [2794, 1009, 1045, 449, 98, 21, 124, 105]
iteration 154/345 +5 =5 -6 score -1 theta [2794, 1009, 1045, 449, 98, 21, 124, 105]
iteration 155/345 +6 =5 -5 score +1 theta [2793, 1010, 1045, 449, 98, 21, 124, 105]
iteration 156/345 +5 =8 -3 score +2 theta [2791, 1009, 1044, 449, 98, 21, 124, 105]
iteration 157/345 +4 =6 -6 score -2 theta [2790, 1010, 1043, 448, 98, 21, 124, 105]
iteration 158/345 +5 =5 -6 score -1 theta [2791, 1009, 1043, 448, 98, 21, 124, 105]
iteration 159/345 +3 =9 -4 score -1 theta [2790, 1010, 1042, 449, 98, 21, 124, 105]
iteration 160/345 +6 =7 -3 score +3 theta [2788, 1012, 1041, 449, 98, 21, 124, 105]
iteration 161/345 +3 =10 -3 score +0 theta [2788, 1012, 1041, 449, 98, 21, 124, 105]
iteration 162/345 +7 =6 -3 score +4 theta [2785, 1009, 1043, 450, 98, 21, 124, 106]
iteration 163/345 +7 =6 -3 score +4 theta [2783, 1007, 1041, 451, 97, 21, 125, 106]
iteration 164/345 +5 =10 -1 score +4 theta [2780, 1009, 1040, 452, 97, 21, 124, 106]
iteration 165/345 +5 =7 -4 score +1 theta [2779, 1010, 1039, 452, 97, 21, 124, 106]
iteration 166/345 +4 =8 -4 score +0 theta [2779, 1010, 1039, 452, 97, 21, 124, 106]
iteration 167/345 +4 =8 -4 score +0 theta [2779, 1010, 1039, 452, 97, 21, 124, 106]
iteration 168/345 +3 =8 -5 score -2 theta [2780, 1011, 1038, 452, 97, 21, 124, 106]
iteration 169/345 +8 =4 -4 score +4 theta [2778, 1009, 1040, 451, 97, 21, 124, 106]
iteration 170/345 +4 =7 -5 score -1 theta [2778, 1008, 1040, 452, 97, 21, 124, 106]
iteration 171/345 +3 =9 -4 score -1 theta [2779, 1008, 1041, 452, 98, 21, 124, 106]
iteration 172/345 +1 =11 -4 score -3 theta [2781, 1006, 1042, 452, 97, 21, 124, 106]
iteration 173/345 +7 =6 -3 score +4 theta [2784, 1004, 1044, 452, 97, 21, 124, 106]
iteration 174/345 +2 =10 -4 score -2 theta [2782, 1005, 1043, 452, 97, 21, 124, 106]
iteration 175/345 +2 =11 -3 score -1 theta [2782, 1004, 1042, 452, 97, 21, 124, 106]
iteration 176/345 +6 =8 -2 score +4 theta [2784, 1002, 1041, 453, 98, 21, 124, 106]
iteration 177/345 +3 =12 -1 score +2 theta [2783, 1003, 1040, 452, 97, 21, 124, 106]
iteration 178/345 +6 =8 -2 score +4 theta [2786, 1006, 1038, 453, 97, 22, 124, 106]
iteration 179/345 +5 =7 -4 score +1 theta [2785, 1006, 1038, 453, 97, 22, 124, 106]
iteration 180/345 +3 =11 -2 score +1 theta [2786, 1006, 1038, 453, 97, 22, 124, 106]
iteration 181/345 +5 =7 -4 score +1 theta [2785, 1006, 1037, 453, 97, 22, 124, 106]
iteration 182/345 +4 =9 -3 score +1 theta [2784, 1006, 1038, 453, 97, 22, 124, 106]
iteration 183/345 +9 =5 -2 score +7 theta [2780, 1009, 1035, 455, 97, 21, 125, 106]
iteration 184/345 +4 =6 -6 score -2 theta [2781, 1008, 1034, 455, 97, 21, 125, 106]
iteration 185/345 +2 =7 -7 score -5 theta [2778, 1006, 1036, 454, 97, 22, 125, 105]
iteration 186/345 +3 =9 -4 score -1 theta [2777, 1006, 1036, 454, 97, 22, 125, 105]
iteration 187/345 +6 =6 -4 score +2 theta [2779, 1007, 1035, 454, 97, 21, 125, 105]
iteration 188/345 +3 =10 -3 score +0 theta [2779, 1007, 1035, 454, 97, 21, 125, 105]
iteration 189/345 +4 =10 -2 score +2 theta [2777, 1008, 1036, 453, 97, 22, 125, 105]
iteration 190/345 +3 =6 -7 score -4 theta [2775, 1010, 1035, 452, 97, 21, 125, 105]
iteration 191/345 +1 =9 -6 score -5 theta [2778, 1013, 1037, 453, 97, 22, 125, 106]
iteration 192/345 +8 =4 -4 score +4 theta [2780, 1011, 1038, 454, 97, 22, 126, 106]
iteration 193/345 +1 =10 -5 score -4 theta [2783, 1013, 1037, 453, 97, 22, 125, 106]
iteration 194/345 +4 =7 -5 score -1 theta [2782, 1013, 1036, 453, 97, 22, 125, 106]
iteration 195/345 +6 =3 -7 score -1 theta [2783, 1014, 1036, 453, 96, 22, 125, 106]
iteration 196/345 +5 =7 -4 score +1 theta [2784, 1013, 1036, 454, 96, 22, 125, 106]
iteration 197/345 +4 =8 -4 score +0 theta [2784, 1013, 1036, 454, 96, 22, 125, 106]
iteration 198/345 +6 =7 -3 score +3 theta [2782, 1015, 1035, 454, 97, 22, 126, 106]
iteration 199/345 +6 =4 -6 score +0 theta [2782, 1015, 1035, 454, 97, 22, 126, 106]
iteration 200/345 +5 =6 -5 score +0 theta [2782, 1015, 1035, 454, 97, 22, 126, 106]
iteration 201/345 +2 =12 -2 score +0 theta [2782, 1015, 1035, 454, 97, 22, 126, 106]
iteration 202/345 +1 =11 -4 score -3 theta [2780, 1013, 1034, 455, 97, 22, 126, 106]
iteration 203/345 +3 =7 -6 score -3 theta [2778, 1015, 1033, 455, 97, 22, 126, 105]
iteration 204/345 +5 =6 -5 score +0 theta [2778, 1015, 1033, 455, 97, 22, 126, 105]
iteration 205/345 +5 =10 -1 score +4 theta [2776, 1017, 1031, 456, 97, 22, 126, 106]
iteration 206/345 +5 =6 -5 score +0 theta [2776, 1017, 1031, 456, 97, 22, 126, 106]
iteration 207/345 +4 =10 -2 score +2 theta [2774, 1018, 1030, 456, 97, 22, 126, 106]
iteration 208/345 +4 =9 -3 score +1 theta [2775, 1018, 1030, 456, 97, 22, 126, 106]
iteration 209/345 +3 =10 -3 score +0 theta [2775, 1018, 1030, 456, 97, 22, 126, 106]
iteration 210/345 +6 =6 -4 score +2 theta [2774, 1019, 1031, 456, 97, 22, 126, 106]
iteration 211/345 +2 =9 -5 score -3 theta [2772, 1017, 1030, 456, 97, 22, 126, 106]
iteration 212/345 +5 =10 -1 score +4 theta [2769, 1019, 1028, 455, 97, 22, 126, 106]
iteration 213/345 +6 =8 -2 score +4 theta [2772, 1021, 1030, 456, 97, 22, 126, 106]
iteration 214/345 +1 =10 -5 score -4 theta [2774, 1019, 1031, 456, 97, 22, 126, 106]
iteration 215/345 +4 =10 -2 score +2 theta [2773, 1018, 1032, 457, 97, 22, 126, 106]
iteration 216/345 +5 =5 -6 score -1 theta [2772, 1019, 1032, 457, 97, 22, 126, 106]
iteration 217/345 +4 =8 -4 score +0 theta [2772, 1019, 1032, 457, 97, 22, 126, 106]
iteration 218/345 +4 =8 -4 score +0 theta [2772, 1019, 1032, 457, 97, 22, 126, 106]
iteration 219/345 +4 =10 -2 score +2 theta [2771, 1018, 1032, 457, 96, 22, 126, 106]
iteration 220/345 +6 =8 -2 score +4 theta [2769, 1020, 1033, 458, 97, 22, 126, 105]
iteration 221/345 +7 =3 -6 score +1 theta [2768, 1019, 1033, 458, 97, 22, 126, 105]
iteration 222/345 +6 =4 -6 score +0 theta [2768, 1019, 1033, 458, 97, 22, 126, 105]
iteration 223/345 +3 =8 -5 score -2 theta [2769, 1018, 1033, 458, 97, 22, 126, 105]
iteration 224/345 +5 =8 -3 score +2 theta [2771, 1017, 1032, 459, 97, 22, 126, 105]
iteration 225/345 +4 =9 -3 score +1 theta [2770, 1018, 1032, 459, 97, 22, 126, 105]
iteration 226/345 +1 =8 -7 score -6 theta [2774, 1015, 1029, 457, 96, 22, 126, 106]
iteration 227/345 +3 =5 -8 score -5 theta [2777, 1012, 1028, 458, 96, 22, 127, 106]
iteration 228/345 +5 =9 -2 score +3 theta [2775, 1011, 1026, 459, 96, 22, 126, 106]
iteration 229/345 +5 =8 -3 score +2 theta [2774, 1010, 1027, 459, 96, 22, 126, 106]
iteration 230/345 +3 =9 -4 score -1 theta [2773, 1010, 1027, 458, 96, 22, 126, 106]
iteration 231/345 +4 =6 -6 score -2 theta [2772, 1011, 1026, 459, 96, 22, 126, 106]
iteration 232/345 +4 =9 -3 score +1 theta [2771, 1012, 1026, 459, 96, 22, 126, 106]
iteration 233/345 +4 =5 -7 score -3 theta [2769, 1010, 1025, 459, 97, 22, 126, 106]
iteration 234/345 +6 =6 -4 score +2 theta [2771, 1011, 1026, 459, 96, 22, 126, 106]
iteration 235/345 +2 =9 -5 score -3 theta [2769, 1013, 1027, 460, 96, 22, 126, 106]
iteration 236/345 +5 =7 -4 score +1 theta [2769, 1012, 1027, 460, 96, 22, 126, 106]
iteration 237/345 +6 =4 -6 score +0 theta [2769, 1012, 1027, 460, 96, 22, 126, 106]
iteration 238/345 +3 =5 -8 score -5 theta [2766, 1015, 1029, 459, 96, 22, 126, 106]
iteration 239/345 +6 =5 -5 score +1 theta [2766, 1014, 1029, 459, 96, 22, 126, 105]
iteration 240/345 +2 =12 -2 score +0 theta [2766, 1014, 1029, 459, 96, 22, 126, 105]
iteration 241/345 +3 =9 -4 score -1 theta [2765, 1014, 1029, 459, 96, 22, 126, 106]
iteration 242/345 +7 =6 -3 score +4 theta [2763, 1012, 1030, 459, 96, 22, 126, 106]
iteration 243/345 +2 =8 -6 score -4 theta [2761, 1010, 1032, 459, 96, 22, 126, 106]
iteration 244/345 +4 =7 -5 score -1 theta [2760, 1009, 1032, 459, 96, 22, 126, 106]
iteration 245/345 +6 =8 -2 score +4 theta [2758, 1007, 1033, 458, 96, 22, 125, 105]
iteration 246/345 +3 =7 -6 score -3 theta [2756, 1006, 1032, 458, 96, 22, 125, 105]
iteration 247/345 +1 =10 -5 score -4 theta [2758, 1004, 1034, 457, 96, 22, 125, 105]
iteration 248/345 +6 =3 -7 score -1 theta [2758, 1004, 1034, 457, 96, 22, 125, 105]
iteration 249/345 +3 =10 -3 score +0 theta [2758, 1004, 1034, 457, 96, 22, 125, 105]
iteration 250/345 +6 =4 -6 score +0 theta [2758, 1004, 1034, 457, 96, 22, 125, 105]
iteration 251/345 +3 =8 -5 score -2 theta [2757, 1003, 1033, 457, 96, 22, 125, 105]
iteration 252/345 +7 =6 -3 score +4 theta [2759, 1001, 1032, 456, 96, 22, 125, 105]
iteration 253/345 +6 =10 -0 score +6 theta [2755, 1004, 1034, 457, 96, 22, 125, 105]
iteration 254/345 +5 =6 -5 score +0 theta [2755, 1004, 1034, 457, 96, 22, 125, 105]
iteration 255/345 +2 =8 -6 score -4 theta [2758, 1002, 1033, 458, 96, 22, 125, 105]
iteration 256/345 +5 =7 -4 score +1 theta [2757, 1002, 1032, 458, 96, 22, 125, 105]
iteration 257/345 +2 =9 -5 score -3 theta [2755, 1001, 1033, 457, 96, 22, 125, 105]
iteration 258/345 +2 =10 -4 score -2 theta [2757, 1002, 1033, 457, 96, 22, 125, 104]
iteration 259/345 +1 =10 -5 score -4 theta [2754, 1000, 1031, 458, 96, 22, 125, 105]
iteration 260/345 +6 =6 -4 score +2 theta [2755, 1001, 1031, 458, 96, 22, 125, 105]
iteration 261/345 +7 =7 -2 score +5 theta [2758, 1003, 1029, 459, 95, 22, 125, 104]
iteration 262/345 +5 =9 -2 score +3 theta [2757, 1002, 1030, 459, 95, 22, 125, 105]
iteration 263/345 +4 =9 -3 score +1 theta [2757, 1001, 1029, 459, 95, 22, 125, 105]
iteration 264/345 +2 =10 -4 score -2 theta [2758, 1000, 1030, 459, 95, 22, 125, 104]
iteration 265/345 +5 =5 -6 score -1 theta [2759, 1001, 1030, 458, 95, 22, 125, 105]
iteration 266/345 +5 =8 -3 score +2 theta [2760, 1002, 1029, 459, 95, 22, 125, 105]
iteration 267/345 +5 =7 -4 score +1 theta [2761, 1001, 1029, 459, 95, 22, 125, 105]
iteration 268/345 +2 =11 -3 score -1 theta [2761, 1001, 1028, 458, 95, 22, 125, 105]
iteration 269/345 +2 =13 -1 score +1 theta [2761, 1001, 1028, 458, 95, 22, 125, 105]
iteration 270/345 +2 =8 -6 score -4 theta [2758, 999, 1029, 459, 95, 22, 125, 104]
iteration 271/345 +5 =6 -5 score +0 theta [2758, 999, 1029, 459, 95, 22, 125, 104]
iteration 272/345 +4 =7 -5 score -1 theta [2758, 999, 1029, 459, 95, 22, 125, 105]
iteration 273/345 +3 =10 -3 score +0 theta [2758, 999, 1029, 459, 95, 22, 125, 105]
iteration 274/345 +6 =7 -3 score +3 theta [2756, 998, 1028, 459, 95, 22, 125, 104]
iteration 275/345 +4 =10 -2 score +2 theta [2755, 997, 1027, 460, 95, 22, 125, 104]
iteration 276/345 +7 =3 -6 score +1 theta [2754, 996, 1027, 460, 95, 22, 125, 104]
iteration 277/345 +1 =13 -2 score -1 theta [2754, 997, 1027, 459, 95, 22, 125, 104]
iteration 278/345 +2 =7 -7 score -5 theta [2757, 994, 1029, 460, 96, 22, 125, 105]
iteration 279/345 +5 =6 -5 score +0 theta [2757, 994, 1029, 460, 96, 22, 125, 105]
iteration 280/345 +2 =11 -3 score -1 theta [2757, 995, 1029, 460, 95, 22, 125, 105]
iteration 281/345 +6 =7 -3 score +3 theta [2756, 996, 1030, 460, 95, 22, 125, 105]
iteration 282/345 +4 =8 -4 score +0 theta [2756, 996, 1030, 460, 95, 22, 125, 105]
iteration 283/345 +4 =7 -5 score -1 theta [2755, 997, 1029, 460, 95, 22, 125, 105]
iteration 284/345 +3 =10 -3 score +0 theta [2755, 997, 1029, 460, 95, 22, 125, 105]
iteration 285/345 +3 =8 -5 score -2 theta [2754, 996, 1030, 460, 95, 22, 125, 105]
iteration 286/345 +5 =5 -6 score -1 theta [2754, 995, 1030, 460, 95, 22, 125, 105]
iteration 287/345 +5 =6 -5 score +0 theta [2754, 995, 1030, 460, 95, 22, 125, 105]
iteration 288/345 +6 =6 -4 score +2 theta [2753, 996, 1029, 461, 96, 22, 125, 105]
iteration 289/345 +5 =8 -3 score +2 theta [2754, 997, 1030, 461, 96, 22, 125, 105]
iteration 290/345 +3 =10 -3 score +0 theta [2754, 997, 1030, 461, 96, 22, 125, 105]
iteration 291/345 +5 =6 -5 score +0 theta [2754, 997, 1030, 461, 96, 22, 125, 105]
iteration 292/345 +5 =6 -5 score +0 theta [2754, 997, 1030, 461, 96, 22, 125, 105]
iteration 293/345 +5 =7 -4 score +1 theta [2754, 997, 1030, 461, 96, 22, 125, 105]
iteration 294/345 +4 =8 -4 score +0 theta [2754, 997, 1030, 461, 96, 22, 125, 105]
iteration 295/345 +5 =6 -5 score +0 theta [2754, 997, 1030, 461, 96, 22, 125, 105]
iteration 296/345 +5 =7 -4 score +1 theta [2753, 997, 1030, 461, 96, 22, 125, 105]
iteration 297/345 +6 =9 -1 score +5 theta [2756, 999, 1032, 460, 95, 22, 126, 105]
iteration 298/345 +5 =5 -6 score -1 theta [2755, 999, 1032, 460, 95, 22, 126, 105]
iteration 299/345 +3 =9 -4 score -1 theta [2756, 998, 1032, 460, 95, 22, 126, 105]
iteration 300/345 +3 =10 -3 score +0 theta [2756, 998, 1032, 460, 95, 22, 126, 105]
iteration 301/345 +4 =7 -5 score -1 theta [2755, 999, 1032, 460, 95, 22, 126, 105]
iteration 302/345 +3 =9 -4 score -1 theta [2756, 999, 1032, 460, 95, 22, 126, 105]
iteration 303/345 +5 =7 -4 score +1 theta [2755, 999, 1032, 460, 95, 22, 126, 105]
iteration 304/345 +1 =10 -5 score -4 theta [2758, 997, 1031, 459, 95, 22, 126, 105]
iteration 305/345 +7 =5 -4 score +3 theta [2756, 996, 1032, 459, 95, 22, 126, 105]
iteration 306/345 +5 =5 -6 score -1 theta [2757, 996, 1032, 458, 95, 22, 126, 105]
iteration 307/345 +3 =9 -4 score -1 theta [2756, 997, 1032, 459, 95, 22, 126, 105]
iteration 308/345 +2 =9 -5 score -3 theta [2754, 998, 1033, 458, 95, 22, 126, 105]
iteration 309/345 +7 =6 -3 score +4 theta [2752, 996, 1034, 458, 95, 22, 126, 106]
iteration 310/345 +4 =7 -5 score -1 theta [2753, 996, 1035, 458, 95, 22, 126, 106]
iteration 311/345 +1 =8 -7 score -6 theta [2756, 993, 1033, 457, 95, 22, 126, 105]
iteration 312/345 +8 =3 -5 score +3 theta [2754, 992, 1034, 457, 95, 22, 126, 105]
iteration 313/345 +6 =4 -6 score +0 theta [2754, 992, 1034, 457, 95, 22, 126, 105]
iteration 314/345 +3 =11 -2 score +1 theta [2754, 992, 1033, 457, 95, 22, 126, 106]
iteration 315/345 +3 =10 -3 score +0 theta [2754, 992, 1033, 457, 95, 22, 126, 106]
iteration 316/345 +5 =7 -4 score +1 theta [2753, 993, 1033, 457, 95, 22, 126, 106]
iteration 317/345 +1 =12 -3 score -2 theta [2752, 994, 1032, 457, 95, 22, 126, 106]
iteration 318/345 +3 =9 -4 score -1 theta [2753, 994, 1032, 457, 95, 22, 126, 106]
iteration 319/345 +5 =6 -5 score +0 theta [2753, 994, 1032, 457, 95, 22, 126, 106]
iteration 320/345 +5 =6 -5 score +0 theta [2753, 994, 1032, 457, 95, 22, 126, 106]
iteration 321/345 +3 =11 -2 score +1 theta [2753, 994, 1032, 457, 95, 22, 126, 106]
iteration 322/345 +5 =7 -4 score +1 theta [2754, 993, 1032, 457, 95, 22, 126, 106]
iteration 323/345 +2 =11 -3 score -1 theta [2753, 993, 1032, 458, 95, 22, 126, 106]
iteration 324/345 +6 =7 -3 score +3 theta [2755, 994, 1033, 458, 95, 22, 126, 106]
iteration 325/345 +5 =9 -2 score +3 theta [2753, 995, 1032, 458, 95, 22, 126, 106]
iteration 326/345 +4 =7 -5 score -1 theta [2754, 996, 1032, 459, 95, 22, 126, 106]
iteration 327/345 +6 =2 -8 score -2 theta [2755, 997, 1031, 459, 95, 22, 126, 106]
iteration 328/345 +4 =9 -3 score +1 theta [2754, 996, 1031, 459, 95, 22, 126, 106]
iteration 329/345 +4 =5 -7 score -3 theta [2753, 995, 1030, 458, 95, 22, 125, 106]
iteration 330/345 +5 =7 -4 score +1 theta [2752, 995, 1031, 458, 95, 22, 125, 106]
iteration 331/345 +4 =8 -4 score +0 theta [2752, 995, 1031, 458, 95, 22, 125, 106]
iteration 332/345 +4 =7 -5 score -1 theta [2753, 995, 1031, 458, 95, 22, 125, 106]
iteration 333/345 +4 =10 -2 score +2 theta [2752, 996, 1030, 459, 95, 22, 125, 106]
iteration 334/345 +6 =6 -4 score +2 theta [2751, 995, 1031, 458, 95, 22, 125, 106]
iteration 335/345 +5 =6 -5 score +0 theta [2751, 995, 1031, 458, 95, 22, 125, 106]
iteration 336/345 +3 =7 -6 score -3 theta [2752, 994, 1030, 459, 95, 22, 125, 106]
iteration 337/345 +3 =8 -5 score -2 theta [2753, 993, 1031, 458, 95, 22, 125, 106]
iteration 338/345 +6 =7 -3 score +3 theta [2755, 994, 1031, 459, 95, 22, 125, 106]
iteration 339/345 +5 =8 -3 score +2 theta [2756, 993, 1031, 459, 95, 22, 125, 106]
iteration 340/345 +5 =8 -3 score +2 theta [2755, 994, 1030, 459, 95, 22, 125, 106]
iteration 341/345 +4 =5 -7 score -3 theta [2756, 993, 1029, 459, 95, 22, 125, 106]
iteration 342/345 +8 =7 -1 score +7 theta [2753, 996, 1027, 458, 95, 22, 125, 106]
iteration 343/345 +5 =7 -4 score +1 theta [2753, 995, 1027, 458, 95, 22, 125, 106]
iteration 344/345 +4 =8 -4 score +0 theta [2753, 995, 1027, 458, 95, 22, 125, 106]
iteration 345/345 +4 =7 -5 score -1 theta [2754, 996, 1028, 459, 95, 22, 125, 106]
finished after 345 iteration(s), 5520 games
  LmrCoefficient = 2754
  LmrBase = 996
  LmrTtPvReduction = 1028
  LmrHistoryNumerator = 459
  RfpMarginPerDepth = 95
  RfpTtPvMargin = 22
  FutilityBaseMargin = 125
  FutilityMarginPerDepth = 106
